================= TOKEN SEQUENCE =================
TOKEN                  LEXEME                           LINE
IMPORT                 import                           1
NAME                   triton                           1
IMPORT                 import                           2
NAME                   triton                           2
DOT                    .                                2
NAME                   language                         2
AS                     as                               2
NAME                   tl                               2
AT                     @                                5
NAME                   triton                           5
DOT                    .                                5
NAME                   jit                              5
DEF                    def                              6
NAME                   _add_kernel                      6
OPEN_PARENTHESIS       (                                6
NAME                   input_ptr                        7
COMMA                  ,                                7
NAME                   other_ptr                        8
COMMA                  ,                                8
NAME                   output_ptr                       9
COMMA                  ,                                9
NAME                   alpha                            10
COLON                  :                                10
NAME                   tl                               10
DOT                    .                                10
NAME                   constexpr                        10
COMMA                  ,                                10
NAME                   n_elements                       11
COLON                  :                                11
NAME                   tl                               11
DOT                    .                                11
NAME                   constexpr                        11
COMMA                  ,                                11
NAME                   BLOCK_SIZE                       12
COLON                  :                                12
NAME                   tl                               12
DOT                    .                                12
NAME                   constexpr                        12
COMMA                  ,                                12
CLOSE_PARENTHESIS      )                                13
COLON                  :                                13
STRING                 ""                               14
STRING                 "Elementwise add kernel: output  14
STRING                 ""                               14
NAME                   pid                              15
ASSIGN                 =                                15
NAME                   tl                               15
DOT                    .                                15
NAME                   program_id                       15
OPEN_PARENTHESIS       (                                15
NAME                   axis                             15
ASSIGN                 =                                15
INTEGER                0                                15
CLOSE_PARENTHESIS      )                                15
NAME                   block_start                      16
ASSIGN                 =                                16
NAME                   pid                              16
STAR                   *                                16
NAME                   BLOCK_SIZE                       16
NAME                   offsets                          17
ASSIGN                 =                                17
NAME                   block_start                      17
PLUS                   +                                17
NAME                   tl                               17
DOT                    .                                17
NAME                   arange                           17
OPEN_PARENTHESIS       (                                17
INTEGER                0                                17
COMMA                  ,                                17
NAME                   BLOCK_SIZE                       17
CLOSE_PARENTHESIS      )                                17
NAME                   mask                             18
ASSIGN                 =                                18
NAME                   offsets                          18
LESS                   <                                18
NAME                   n_elements                       18
NAME                   x                                20
ASSIGN                 =                                20
NAME                   tl                               20
DOT                    .                                20
NAME                   load                             20
OPEN_PARENTHESIS       (                                20
NAME                   input_ptr                        20
PLUS                   +                                20
NAME                   offsets                          20
COMMA                  ,                                20
NAME                   mask                             20
ASSIGN                 =                                20
NAME                   mask                             20
CLOSE_PARENTHESIS      )                                20
NAME                   y                                21
ASSIGN                 =                                21
NAME                   tl                               21
DOT                    .                                21
NAME                   load                             21
OPEN_PARENTHESIS       (                                21
NAME                   other_ptr                        21
PLUS                   +                                21
NAME                   offsets                          21
COMMA                  ,                                21
NAME                   mask                             21
ASSIGN                 =                                21
NAME                   mask                             21
CLOSE_PARENTHESIS      )                                21
NAME                   z                                23
ASSIGN                 =                                23
NAME                   x                                23
PLUS                   +                                23
NAME                   alpha                            23
STAR                   *                                23
NAME                   y                                23
NAME                   tl                               25
DOT                    .                                25
NAME                   store                            25
OPEN_PARENTHESIS       (                                25
NAME                   output_ptr                       25
PLUS                   +                                25
NAME                   offsets                          25
COMMA                  ,                                25
NAME                   z                                25
COMMA                  ,                                25
NAME                   mask                             25
ASSIGN                 =                                25
NAME                   mask                             25
CLOSE_PARENTHESIS      )                                25
EOF

================== SYMBOL TABLE ==================
ID    TOKEN     LEXEME                           FIRST_LINE  COUNT
1     NAME      triton                           1           3
2     NAME      language                         2           1
3     NAME      tl                               2           9
4     NAME      jit                              5           1
5     NAME      _add_kernel                      6           1
6     NAME      input_ptr                        7           2
7     NAME      other_ptr                        8           2
8     NAME      output_ptr                       9           2
9     NAME      alpha                            10          2
10    NAME      constexpr                        10          3
11    NAME      n_elements                       11          2
12    NAME      BLOCK_SIZE                       12          3
13    STRING    ""                               14          2
14    STRING    "Elementwise add kernel: output = input + alpha * other" 14          1
15    NAME      pid                              15          2
16    NAME      program_id                       15          1
17    NAME      axis                             15          1
18    INTEGER   0                                15          2
19    NAME      block_start                      16          2
20    NAME      offsets                          17          5
21    NAME      arange                           17          1
22    NAME      mask                             18          7
23    NAME      x                                20          2
24    NAME      load                             20          2
25    NAME      y                                21          2
26    NAME      z                                23          2
27    NAME      store                            25          1
(27 distinct symbols)

triton: true

No lexical errors.
