================= TOKEN SEQUENCE =================
TOKEN                  LEXEME                           LINE
NAME                   x                                1
ASSIGN                 =                                1
INTEGER                3                                1
NAME                   y                                2
ASSIGN                 =                                2
NAME                   x                                2
ERROR                  $                                2   <-- LEXICAL ERROR: invalid symbol
INTEGER                2                                2
NAME                   z                                3
ASSIGN                 =                                3
ERROR                  ?                                3   <-- LEXICAL ERROR: invalid symbol
NAME                   w                                4
ASSIGN                 =                                4
NAME                   x                                4
ERROR                  !                                4   <-- LEXICAL ERROR: invalid symbol
INTEGER                1                                4
EOF

================== SYMBOL TABLE ==================
ID    TOKEN     LEXEME                           FIRST_LINE  COUNT
1     NAME      x                                1           3
2     INTEGER   3                                1           1
3     NAME      y                                2           1
4     INTEGER   2                                2           1
5     NAME      z                                3           1
6     NAME      w                                4           1
7     INTEGER   1                                4           1
(7 distinct symbols)

triton: false

3 lexical error(s) found.
